{
    "-profile test": {
        "content": [
            {
                "BOWTIE2_ALIGN": {
                    "bowtie2": "2.5.2",
                    "samtools": 1.18,
                    "pigz": 2.6
                },
                "BOWTIE2_BUILD": {
                    "bowtie2": "2.5.2"
                },
                "CREATE_ACC2TAX": {
                    "python": "3.10.13"
                },
                "DAMAGEPROFILER": {
                    "damageprofiler": 1.1
                },
                "DAMAGEPROFILER_MERGE": {
                    "python": "3.10.6"
                },
                "FASTP": {
                    "fastp": "0.23.4"
                },
                "FASTQC": {
                    "fastqc": "0.12.1"
                },
                "PYDAMAGE_ANALYZE": {
                    "pydamage": 0.7
                },
                "PYDAMAGE_MERGE": {
                    "python": "3.10.6"
                },
                "SAM2LCA_ANALYZE": {
                    "sam2lca": "1.1.4"
                },
                "SAM2LCA_MERGE": {
                    "python": "3.10.6"
                },
                "SAMTOOLS_MERGE": {
                    "samtools": 1.21
                },
                "UNTAR": {
                    "untar": 1.34
                },
                "Workflow": {
                    "nf-core/coproid": "v2.0.1"
                }
            },
            [
                "bowtie2",
                "bowtie2/SAMPLE_BSUB-Bacillus_subtilis.bam",
                "bowtie2/SAMPLE_BSUB-Bacillus_subtilis.bowtie2.log",
                "bowtie2/SAMPLE_BSUB-Bacillus_subtilis.unmapped_1.fastq.gz",
                "bowtie2/SAMPLE_BSUB-Bacillus_subtilis.unmapped_2.fastq.gz",
                "bowtie2/SAMPLE_BSUB-Escherichia_coli.bam",
                "bowtie2/SAMPLE_BSUB-Escherichia_coli.bowtie2.log",
                "bowtie2/SAMPLE_BSUB-Escherichia_coli.unmapped_1.fastq.gz",
                "bowtie2/SAMPLE_BSUB-Escherichia_coli.unmapped_2.fastq.gz",
                "bowtie2/SAMPLE_ECOLI-Bacillus_subtilis.bam",
                "bowtie2/SAMPLE_ECOLI-Bacillus_subtilis.bowtie2.log",
                "bowtie2/SAMPLE_ECOLI-Bacillus_subtilis.unmapped_1.fastq.gz",
                "bowtie2/SAMPLE_ECOLI-Bacillus_subtilis.unmapped_2.fastq.gz",
                "bowtie2/SAMPLE_ECOLI-Escherichia_coli.bam",
                "bowtie2/SAMPLE_ECOLI-Escherichia_coli.bowtie2.log",
                "bowtie2/SAMPLE_ECOLI-Escherichia_coli.unmapped_1.fastq.gz",
                "bowtie2/SAMPLE_ECOLI-Escherichia_coli.unmapped_2.fastq.gz",
                "bowtie2/bowtie2",
                "bowtie2/bowtie2/genome.1.bt2",
                "bowtie2/bowtie2/genome.2.bt2",
                "bowtie2/bowtie2/genome.3.bt2",
                "bowtie2/bowtie2/genome.4.bt2",
                "bowtie2/bowtie2/genome.rev.1.bt2",
                "bowtie2/bowtie2/genome.rev.2.bt2",
                "coproid_report",
                "coproid_report/_extensions",
                "coproid_report/coproid_quarto_report.qmd",
                "coproid_report/coproid_report.html",
                "coproid_report/params.yml",
                "coproid_report/versions.yml",
                "damageprofiler",
                "damageprofiler/SAMPLE_BSUB-Bacillus_subtilis",
                "damageprofiler/SAMPLE_BSUB-Bacillus_subtilis/3pGtoA_freq.txt",
                "damageprofiler/SAMPLE_BSUB-Bacillus_subtilis/3p_freq_misincorporations.txt",
                "damageprofiler/SAMPLE_BSUB-Bacillus_subtilis/5pCtoT_freq.txt",
                "damageprofiler/SAMPLE_BSUB-Bacillus_subtilis/5p_freq_misincorporations.txt",
                "damageprofiler/SAMPLE_BSUB-Bacillus_subtilis/DNA_comp_genome.txt",
                "damageprofiler/SAMPLE_BSUB-Bacillus_subtilis/DNA_composition_sample.txt",
                "damageprofiler/SAMPLE_BSUB-Bacillus_subtilis/DamagePlot.pdf",
                "damageprofiler/SAMPLE_BSUB-Bacillus_subtilis/DamagePlot_five_prime.svg",
                "damageprofiler/SAMPLE_BSUB-Bacillus_subtilis/DamagePlot_three_prime.svg",
                "damageprofiler/SAMPLE_BSUB-Bacillus_subtilis/DamageProfiler.log",
                "damageprofiler/SAMPLE_BSUB-Bacillus_subtilis/Length_plot.pdf",
                "damageprofiler/SAMPLE_BSUB-Bacillus_subtilis/Length_plot_combined_data.svg",
                "damageprofiler/SAMPLE_BSUB-Bacillus_subtilis/Length_plot_forward_reverse_separated.svg",
                "damageprofiler/SAMPLE_BSUB-Bacillus_subtilis/dmgprof.json",
                "damageprofiler/SAMPLE_BSUB-Bacillus_subtilis/editDistance.txt",
                "damageprofiler/SAMPLE_BSUB-Bacillus_subtilis/edit_distance.pdf",
                "damageprofiler/SAMPLE_BSUB-Bacillus_subtilis/edit_distance.svg",
                "damageprofiler/SAMPLE_BSUB-Bacillus_subtilis/lgdistribution.txt",
                "damageprofiler/SAMPLE_BSUB-Bacillus_subtilis/misincorporation.txt",
                "damageprofiler/SAMPLE_BSUB-Escherichia_coli",
                "damageprofiler/SAMPLE_BSUB-Escherichia_coli/3pGtoA_freq.txt",
                "damageprofiler/SAMPLE_BSUB-Escherichia_coli/3p_freq_misincorporations.txt",
                "damageprofiler/SAMPLE_BSUB-Escherichia_coli/5pCtoT_freq.txt",
                "damageprofiler/SAMPLE_BSUB-Escherichia_coli/5p_freq_misincorporations.txt",
                "damageprofiler/SAMPLE_BSUB-Escherichia_coli/DNA_comp_genome.txt",
                "damageprofiler/SAMPLE_BSUB-Escherichia_coli/DNA_composition_sample.txt",
                "damageprofiler/SAMPLE_BSUB-Escherichia_coli/DamagePlot.pdf",
                "damageprofiler/SAMPLE_BSUB-Escherichia_coli/DamagePlot_five_prime.svg",
                "damageprofiler/SAMPLE_BSUB-Escherichia_coli/DamagePlot_three_prime.svg",
                "damageprofiler/SAMPLE_BSUB-Escherichia_coli/DamageProfiler.log",
                "damageprofiler/SAMPLE_BSUB-Escherichia_coli/Length_plot.pdf",
                "damageprofiler/SAMPLE_BSUB-Escherichia_coli/Length_plot_combined_data.svg",
                "damageprofiler/SAMPLE_BSUB-Escherichia_coli/Length_plot_forward_reverse_separated.svg",
                "damageprofiler/SAMPLE_BSUB-Escherichia_coli/dmgprof.json",
                "damageprofiler/SAMPLE_BSUB-Escherichia_coli/editDistance.txt",
                "damageprofiler/SAMPLE_BSUB-Escherichia_coli/edit_distance.pdf",
                "damageprofiler/SAMPLE_BSUB-Escherichia_coli/edit_distance.svg",
                "damageprofiler/SAMPLE_BSUB-Escherichia_coli/lgdistribution.txt",
                "damageprofiler/SAMPLE_BSUB-Escherichia_coli/misincorporation.txt",
                "damageprofiler/SAMPLE_ECOLI-Bacillus_subtilis",
                "damageprofiler/SAMPLE_ECOLI-Bacillus_subtilis/3pGtoA_freq.txt",
                "damageprofiler/SAMPLE_ECOLI-Bacillus_subtilis/3p_freq_misincorporations.txt",
                "damageprofiler/SAMPLE_ECOLI-Bacillus_subtilis/5pCtoT_freq.txt",
                "damageprofiler/SAMPLE_ECOLI-Bacillus_subtilis/5p_freq_misincorporations.txt",
                "damageprofiler/SAMPLE_ECOLI-Bacillus_subtilis/DNA_comp_genome.txt",
                "damageprofiler/SAMPLE_ECOLI-Bacillus_subtilis/DNA_composition_sample.txt",
                "damageprofiler/SAMPLE_ECOLI-Bacillus_subtilis/DamagePlot.pdf",
                "damageprofiler/SAMPLE_ECOLI-Bacillus_subtilis/DamagePlot_five_prime.svg",
                "damageprofiler/SAMPLE_ECOLI-Bacillus_subtilis/DamagePlot_three_prime.svg",
                "damageprofiler/SAMPLE_ECOLI-Bacillus_subtilis/DamageProfiler.log",
                "damageprofiler/SAMPLE_ECOLI-Bacillus_subtilis/Length_plot.pdf",
                "damageprofiler/SAMPLE_ECOLI-Bacillus_subtilis/Length_plot_combined_data.svg",
                "damageprofiler/SAMPLE_ECOLI-Bacillus_subtilis/Length_plot_forward_reverse_separated.svg",
                "damageprofiler/SAMPLE_ECOLI-Bacillus_subtilis/dmgprof.json",
                "damageprofiler/SAMPLE_ECOLI-Bacillus_subtilis/editDistance.txt",
                "damageprofiler/SAMPLE_ECOLI-Bacillus_subtilis/edit_distance.pdf",
                "damageprofiler/SAMPLE_ECOLI-Bacillus_subtilis/edit_distance.svg",
                "damageprofiler/SAMPLE_ECOLI-Bacillus_subtilis/lgdistribution.txt",
                "damageprofiler/SAMPLE_ECOLI-Bacillus_subtilis/misincorporation.txt",
                "damageprofiler/SAMPLE_ECOLI-Escherichia_coli",
                "damageprofiler/SAMPLE_ECOLI-Escherichia_coli/3pGtoA_freq.txt",
                "damageprofiler/SAMPLE_ECOLI-Escherichia_coli/3p_freq_misincorporations.txt",
                "damageprofiler/SAMPLE_ECOLI-Escherichia_coli/5pCtoT_freq.txt",
                "damageprofiler/SAMPLE_ECOLI-Escherichia_coli/5p_freq_misincorporations.txt",
                "damageprofiler/SAMPLE_ECOLI-Escherichia_coli/DNA_comp_genome.txt",
                "damageprofiler/SAMPLE_ECOLI-Escherichia_coli/DNA_composition_sample.txt",
                "damageprofiler/SAMPLE_ECOLI-Escherichia_coli/DamagePlot.pdf",
                "damageprofiler/SAMPLE_ECOLI-Escherichia_coli/DamagePlot_five_prime.svg",
                "damageprofiler/SAMPLE_ECOLI-Escherichia_coli/DamagePlot_three_prime.svg",
                "damageprofiler/SAMPLE_ECOLI-Escherichia_coli/DamageProfiler.log",
                "damageprofiler/SAMPLE_ECOLI-Escherichia_coli/Length_plot.pdf",
                "damageprofiler/SAMPLE_ECOLI-Escherichia_coli/Length_plot_combined_data.svg",
                "damageprofiler/SAMPLE_ECOLI-Escherichia_coli/Length_plot_forward_reverse_separated.svg",
                "damageprofiler/SAMPLE_ECOLI-Escherichia_coli/dmgprof.json",
                "damageprofiler/SAMPLE_ECOLI-Escherichia_coli/editDistance.txt",
                "damageprofiler/SAMPLE_ECOLI-Escherichia_coli/edit_distance.pdf",
                "damageprofiler/SAMPLE_ECOLI-Escherichia_coli/edit_distance.svg",
                "damageprofiler/SAMPLE_ECOLI-Escherichia_coli/lgdistribution.txt",
                "damageprofiler/SAMPLE_ECOLI-Escherichia_coli/misincorporation.txt",
                "damageprofiler/coproid.damageprofiler_merged_report.csv",
                "fastp",
                "fastp/SAMPLE_BSUB.fastp.html",
                "fastp/SAMPLE_BSUB.fastp.json",
                "fastp/SAMPLE_BSUB.fastp.log",
                "fastp/SAMPLE_BSUB.merged.fastq.gz",
                "fastp/SAMPLE_BSUB_1.fastp.fastq.gz",
                "fastp/SAMPLE_BSUB_2.fastp.fastq.gz",
                "fastp/SAMPLE_ECOLI.fastp.html",
                "fastp/SAMPLE_ECOLI.fastp.json",
                "fastp/SAMPLE_ECOLI.fastp.log",
                "fastp/SAMPLE_ECOLI.merged.fastq.gz",
                "fastp/SAMPLE_ECOLI_1.fastp.fastq.gz",
                "fastp/SAMPLE_ECOLI_2.fastp.fastq.gz",
                "fastqc",
                "fastqc/SAMPLE_BSUB_1_fastqc.html",
                "fastqc/SAMPLE_BSUB_1_fastqc.zip",
                "fastqc/SAMPLE_BSUB_2_fastqc.html",
                "fastqc/SAMPLE_BSUB_2_fastqc.zip",
                "fastqc/SAMPLE_ECOLI_1_fastqc.html",
                "fastqc/SAMPLE_ECOLI_1_fastqc.zip",
                "fastqc/SAMPLE_ECOLI_2_fastqc.html",
                "fastqc/SAMPLE_ECOLI_2_fastqc.zip",
                "kraken2",
                "kraken2/SAMPLE_BSUB.kmer_kraken_parsed.csv",
                "kraken2/SAMPLE_BSUB.kraken2.report.txt",
                "kraken2/SAMPLE_BSUB.read_kraken_parsed.csv",
                "kraken2/SAMPLE_ECOLI.kmer_kraken_parsed.csv",
                "kraken2/SAMPLE_ECOLI.kraken2.report.txt",
                "kraken2/SAMPLE_ECOLI.read_kraken_parsed.csv",
                "kraken2/coproid.kraken2_merged_report.csv",
                "kraken2/versions.yml",
                "multiqc",
                "multiqc/coproid_multiqc_report.html",
                "multiqc/coproid_multiqc_report_data",
                "multiqc/coproid_multiqc_report_data/bowtie2_pe_plot.txt",
                "multiqc/coproid_multiqc_report_data/fastp-insert-size-plot.txt",
                "multiqc/coproid_multiqc_report_data/fastp-seq-content-gc-plot_Merged_and_filtered.txt",
                "multiqc/coproid_multiqc_report_data/fastp-seq-content-gc-plot_Read_1_Before_filtering.txt",
                "multiqc/coproid_multiqc_report_data/fastp-seq-content-gc-plot_Read_2_Before_filtering.txt",
                "multiqc/coproid_multiqc_report_data/fastp-seq-content-n-plot_Merged_and_filtered.txt",
                "multiqc/coproid_multiqc_report_data/fastp-seq-content-n-plot_Read_1_Before_filtering.txt",
                "multiqc/coproid_multiqc_report_data/fastp-seq-content-n-plot_Read_2_Before_filtering.txt",
                "multiqc/coproid_multiqc_report_data/fastp-seq-quality-plot_Merged_and_filtered.txt",
                "multiqc/coproid_multiqc_report_data/fastp-seq-quality-plot_Read_1_Before_filtering.txt",
                "multiqc/coproid_multiqc_report_data/fastp-seq-quality-plot_Read_2_Before_filtering.txt",
                "multiqc/coproid_multiqc_report_data/fastp_filtered_reads_plot.txt",
                "multiqc/coproid_multiqc_report_data/fastqc-status-check-heatmap.txt",
                "multiqc/coproid_multiqc_report_data/fastqc_adapter_content_plot.txt",
                "multiqc/coproid_multiqc_report_data/fastqc_per_base_n_content_plot.txt",
                "multiqc/coproid_multiqc_report_data/fastqc_per_base_sequence_quality_plot.txt",
                "multiqc/coproid_multiqc_report_data/fastqc_per_sequence_gc_content_plot_Counts.txt",
                "multiqc/coproid_multiqc_report_data/fastqc_per_sequence_gc_content_plot_Percentages.txt",
                "multiqc/coproid_multiqc_report_data/fastqc_per_sequence_quality_scores_plot.txt",
                "multiqc/coproid_multiqc_report_data/fastqc_sequence_counts_plot.txt",
                "multiqc/coproid_multiqc_report_data/fastqc_sequence_duplication_levels_plot.txt",
                "multiqc/coproid_multiqc_report_data/fiveprime_misinc_plot.txt",
                "multiqc/coproid_multiqc_report_data/kraken-top-duplication_plot.txt",
                "multiqc/coproid_multiqc_report_data/kraken-top-n-plot_Class.txt",
                "multiqc/coproid_multiqc_report_data/kraken-top-n-plot_Domain.txt",
                "multiqc/coproid_multiqc_report_data/kraken-top-n-plot_Family.txt",
                "multiqc/coproid_multiqc_report_data/kraken-top-n-plot_Genus.txt",
                "multiqc/coproid_multiqc_report_data/kraken-top-n-plot_Order.txt",
                "multiqc/coproid_multiqc_report_data/kraken-top-n-plot_Phylum.txt",
                "multiqc/coproid_multiqc_report_data/kraken-top-n-plot_Species.txt",
                "multiqc/coproid_multiqc_report_data/kraken-top-n-plot_Unclassified.txt",
                "multiqc/coproid_multiqc_report_data/length-distribution-Forward.txt",
                "multiqc/coproid_multiqc_report_data/length-distribution-Reverse.txt",
                "multiqc/coproid_multiqc_report_data/llms-full.txt",
                "multiqc/coproid_multiqc_report_data/mapdamage-fiveprime_misinc_plot.txt",
                "multiqc/coproid_multiqc_report_data/mapdamage-length-distribution-Forward.txt",
                "multiqc/coproid_multiqc_report_data/mapdamage-length-distribution-Reverse.txt",
                "multiqc/coproid_multiqc_report_data/mapdamage-threeprime_misinc_plot.txt",
                "multiqc/coproid_multiqc_report_data/multiqc.log",
                "multiqc/coproid_multiqc_report_data/multiqc.parquet",
                "multiqc/coproid_multiqc_report_data/multiqc_bowtie2.txt",
                "multiqc/coproid_multiqc_report_data/multiqc_citations.txt",
                "multiqc/coproid_multiqc_report_data/multiqc_damageprofiler_metrics.txt",
                "multiqc/coproid_multiqc_report_data/multiqc_data.json",
                "multiqc/coproid_multiqc_report_data/multiqc_fastp.txt",
                "multiqc/coproid_multiqc_report_data/multiqc_fastqc.txt",
                "multiqc/coproid_multiqc_report_data/multiqc_general_stats.txt",
                "multiqc/coproid_multiqc_report_data/multiqc_kraken.txt",
                "multiqc/coproid_multiqc_report_data/multiqc_software_versions.txt",
                "multiqc/coproid_multiqc_report_data/multiqc_sources.txt",
                "multiqc/coproid_multiqc_report_data/threeprime_misinc_plot.txt",
                "multiqc/coproid_multiqc_report_plots",
                "multiqc/coproid_multiqc_report_plots/pdf",
                "multiqc/coproid_multiqc_report_plots/pdf/bowtie2_pe_plot-cnt.pdf",
                "multiqc/coproid_multiqc_report_plots/pdf/bowtie2_pe_plot-pct.pdf",
                "multiqc/coproid_multiqc_report_plots/pdf/fastp-insert-size-plot.pdf",
                "multiqc/coproid_multiqc_report_plots/pdf/fastp-seq-content-gc-plot_Merged_and_filtered.pdf",
                "multiqc/coproid_multiqc_report_plots/pdf/fastp-seq-content-gc-plot_Read_1_Before_filtering.pdf",
                "multiqc/coproid_multiqc_report_plots/pdf/fastp-seq-content-gc-plot_Read_2_Before_filtering.pdf",
                "multiqc/coproid_multiqc_report_plots/pdf/fastp-seq-content-n-plot_Merged_and_filtered.pdf",
                "multiqc/coproid_multiqc_report_plots/pdf/fastp-seq-content-n-plot_Read_1_Before_filtering.pdf",
                "multiqc/coproid_multiqc_report_plots/pdf/fastp-seq-content-n-plot_Read_2_Before_filtering.pdf",
                "multiqc/coproid_multiqc_report_plots/pdf/fastp-seq-quality-plot_Merged_and_filtered.pdf",
                "multiqc/coproid_multiqc_report_plots/pdf/fastp-seq-quality-plot_Read_1_Before_filtering.pdf",
                "multiqc/coproid_multiqc_report_plots/pdf/fastp-seq-quality-plot_Read_2_Before_filtering.pdf",
                "multiqc/coproid_multiqc_report_plots/pdf/fastp_filtered_reads_plot-cnt.pdf",
                "multiqc/coproid_multiqc_report_plots/pdf/fastp_filtered_reads_plot-pct.pdf",
                "multiqc/coproid_multiqc_report_plots/pdf/fastqc-status-check-heatmap.pdf",
                "multiqc/coproid_multiqc_report_plots/pdf/fastqc_adapter_content_plot.pdf",
                "multiqc/coproid_multiqc_report_plots/pdf/fastqc_per_base_n_content_plot.pdf",
                "multiqc/coproid_multiqc_report_plots/pdf/fastqc_per_base_sequence_quality_plot.pdf",
                "multiqc/coproid_multiqc_report_plots/pdf/fastqc_per_sequence_gc_content_plot_Counts.pdf",
                "multiqc/coproid_multiqc_report_plots/pdf/fastqc_per_sequence_gc_content_plot_Percentages.pdf",
                "multiqc/coproid_multiqc_report_plots/pdf/fastqc_per_sequence_quality_scores_plot.pdf",
                "multiqc/coproid_multiqc_report_plots/pdf/fastqc_sequence_counts_plot-cnt.pdf",
                "multiqc/coproid_multiqc_report_plots/pdf/fastqc_sequence_counts_plot-pct.pdf",
                "multiqc/coproid_multiqc_report_plots/pdf/fastqc_sequence_duplication_levels_plot.pdf",
                "multiqc/coproid_multiqc_report_plots/pdf/fiveprime_misinc_plot.pdf",
                "multiqc/coproid_multiqc_report_plots/pdf/kraken-top-duplication_plot.pdf",
                "multiqc/coproid_multiqc_report_plots/pdf/kraken-top-n-plot_Class-cnt.pdf",
                "multiqc/coproid_multiqc_report_plots/pdf/kraken-top-n-plot_Class-pct.pdf",
                "multiqc/coproid_multiqc_report_plots/pdf/kraken-top-n-plot_Domain-cnt.pdf",
                "multiqc/coproid_multiqc_report_plots/pdf/kraken-top-n-plot_Domain-pct.pdf",
                "multiqc/coproid_multiqc_report_plots/pdf/kraken-top-n-plot_Family-cnt.pdf",
                "multiqc/coproid_multiqc_report_plots/pdf/kraken-top-n-plot_Family-pct.pdf",
                "multiqc/coproid_multiqc_report_plots/pdf/kraken-top-n-plot_Genus-cnt.pdf",
                "multiqc/coproid_multiqc_report_plots/pdf/kraken-top-n-plot_Genus-pct.pdf",
                "multiqc/coproid_multiqc_report_plots/pdf/kraken-top-n-plot_Order-cnt.pdf",
                "multiqc/coproid_multiqc_report_plots/pdf/kraken-top-n-plot_Order-pct.pdf",
                "multiqc/coproid_multiqc_report_plots/pdf/kraken-top-n-plot_Phylum-cnt.pdf",
                "multiqc/coproid_multiqc_report_plots/pdf/kraken-top-n-plot_Phylum-pct.pdf",
                "multiqc/coproid_multiqc_report_plots/pdf/kraken-top-n-plot_Species-cnt.pdf",
                "multiqc/coproid_multiqc_report_plots/pdf/kraken-top-n-plot_Species-pct.pdf",
                "multiqc/coproid_multiqc_report_plots/pdf/kraken-top-n-plot_Unclassified-cnt.pdf",
                "multiqc/coproid_multiqc_report_plots/pdf/kraken-top-n-plot_Unclassified-pct.pdf",
                "multiqc/coproid_multiqc_report_plots/pdf/length-distribution-Forward.pdf",
                "multiqc/coproid_multiqc_report_plots/pdf/length-distribution-Reverse.pdf",
                "multiqc/coproid_multiqc_report_plots/pdf/mapdamage-fiveprime_misinc_plot.pdf",
                "multiqc/coproid_multiqc_report_plots/pdf/mapdamage-length-distribution-Forward.pdf",
                "multiqc/coproid_multiqc_report_plots/pdf/mapdamage-length-distribution-Reverse.pdf",
                "multiqc/coproid_multiqc_report_plots/pdf/mapdamage-threeprime_misinc_plot.pdf",
                "multiqc/coproid_multiqc_report_plots/pdf/threeprime_misinc_plot.pdf",
                "multiqc/coproid_multiqc_report_plots/png",
                "multiqc/coproid_multiqc_report_plots/png/bowtie2_pe_plot-cnt.png",
                "multiqc/coproid_multiqc_report_plots/png/bowtie2_pe_plot-pct.png",
                "multiqc/coproid_multiqc_report_plots/png/fastp-insert-size-plot.png",
                "multiqc/coproid_multiqc_report_plots/png/fastp-seq-content-gc-plot_Merged_and_filtered.png",
                "multiqc/coproid_multiqc_report_plots/png/fastp-seq-content-gc-plot_Read_1_Before_filtering.png",
                "multiqc/coproid_multiqc_report_plots/png/fastp-seq-content-gc-plot_Read_2_Before_filtering.png",
                "multiqc/coproid_multiqc_report_plots/png/fastp-seq-content-n-plot_Merged_and_filtered.png",
                "multiqc/coproid_multiqc_report_plots/png/fastp-seq-content-n-plot_Read_1_Before_filtering.png",
                "multiqc/coproid_multiqc_report_plots/png/fastp-seq-content-n-plot_Read_2_Before_filtering.png",
                "multiqc/coproid_multiqc_report_plots/png/fastp-seq-quality-plot_Merged_and_filtered.png",
                "multiqc/coproid_multiqc_report_plots/png/fastp-seq-quality-plot_Read_1_Before_filtering.png",
                "multiqc/coproid_multiqc_report_plots/png/fastp-seq-quality-plot_Read_2_Before_filtering.png",
                "multiqc/coproid_multiqc_report_plots/png/fastp_filtered_reads_plot-cnt.png",
                "multiqc/coproid_multiqc_report_plots/png/fastp_filtered_reads_plot-pct.png",
                "multiqc/coproid_multiqc_report_plots/png/fastqc-status-check-heatmap.png",
                "multiqc/coproid_multiqc_report_plots/png/fastqc_adapter_content_plot.png",
                "multiqc/coproid_multiqc_report_plots/png/fastqc_per_base_n_content_plot.png",
                "multiqc/coproid_multiqc_report_plots/png/fastqc_per_base_sequence_quality_plot.png",
                "multiqc/coproid_multiqc_report_plots/png/fastqc_per_sequence_gc_content_plot_Counts.png",
                "multiqc/coproid_multiqc_report_plots/png/fastqc_per_sequence_gc_content_plot_Percentages.png",
                "multiqc/coproid_multiqc_report_plots/png/fastqc_per_sequence_quality_scores_plot.png",
                "multiqc/coproid_multiqc_report_plots/png/fastqc_sequence_counts_plot-cnt.png",
                "multiqc/coproid_multiqc_report_plots/png/fastqc_sequence_counts_plot-pct.png",
                "multiqc/coproid_multiqc_report_plots/png/fastqc_sequence_duplication_levels_plot.png",
                "multiqc/coproid_multiqc_report_plots/png/fiveprime_misinc_plot.png",
                "multiqc/coproid_multiqc_report_plots/png/kraken-top-duplication_plot.png",
                "multiqc/coproid_multiqc_report_plots/png/kraken-top-n-plot_Class-cnt.png",
                "multiqc/coproid_multiqc_report_plots/png/kraken-top-n-plot_Class-pct.png",
                "multiqc/coproid_multiqc_report_plots/png/kraken-top-n-plot_Domain-cnt.png",
                "multiqc/coproid_multiqc_report_plots/png/kraken-top-n-plot_Domain-pct.png",
                "multiqc/coproid_multiqc_report_plots/png/kraken-top-n-plot_Family-cnt.png",
                "multiqc/coproid_multiqc_report_plots/png/kraken-top-n-plot_Family-pct.png",
                "multiqc/coproid_multiqc_report_plots/png/kraken-top-n-plot_Genus-cnt.png",
                "multiqc/coproid_multiqc_report_plots/png/kraken-top-n-plot_Genus-pct.png",
                "multiqc/coproid_multiqc_report_plots/png/kraken-top-n-plot_Order-cnt.png",
                "multiqc/coproid_multiqc_report_plots/png/kraken-top-n-plot_Order-pct.png",
                "multiqc/coproid_multiqc_report_plots/png/kraken-top-n-plot_Phylum-cnt.png",
                "multiqc/coproid_multiqc_report_plots/png/kraken-top-n-plot_Phylum-pct.png",
                "multiqc/coproid_multiqc_report_plots/png/kraken-top-n-plot_Species-cnt.png",
                "multiqc/coproid_multiqc_report_plots/png/kraken-top-n-plot_Species-pct.png",
                "multiqc/coproid_multiqc_report_plots/png/kraken-top-n-plot_Unclassified-cnt.png",
                "multiqc/coproid_multiqc_report_plots/png/kraken-top-n-plot_Unclassified-pct.png",
                "multiqc/coproid_multiqc_report_plots/png/length-distribution-Forward.png",
                "multiqc/coproid_multiqc_report_plots/png/length-distribution-Reverse.png",
                "multiqc/coproid_multiqc_report_plots/png/mapdamage-fiveprime_misinc_plot.png",
                "multiqc/coproid_multiqc_report_plots/png/mapdamage-length-distribution-Forward.png",
                "multiqc/coproid_multiqc_report_plots/png/mapdamage-length-distribution-Reverse.png",
                "multiqc/coproid_multiqc_report_plots/png/mapdamage-threeprime_misinc_plot.png",
                "multiqc/coproid_multiqc_report_plots/png/threeprime_misinc_plot.png",
                "multiqc/coproid_multiqc_report_plots/svg",
                "multiqc/coproid_multiqc_report_plots/svg/bowtie2_pe_plot-cnt.svg",
                "multiqc/coproid_multiqc_report_plots/svg/bowtie2_pe_plot-pct.svg",
                "multiqc/coproid_multiqc_report_plots/svg/fastp-insert-size-plot.svg",
                "multiqc/coproid_multiqc_report_plots/svg/fastp-seq-content-gc-plot_Merged_and_filtered.svg",
                "multiqc/coproid_multiqc_report_plots/svg/fastp-seq-content-gc-plot_Read_1_Before_filtering.svg",
                "multiqc/coproid_multiqc_report_plots/svg/fastp-seq-content-gc-plot_Read_2_Before_filtering.svg",
                "multiqc/coproid_multiqc_report_plots/svg/fastp-seq-content-n-plot_Merged_and_filtered.svg",
                "multiqc/coproid_multiqc_report_plots/svg/fastp-seq-content-n-plot_Read_1_Before_filtering.svg",
                "multiqc/coproid_multiqc_report_plots/svg/fastp-seq-content-n-plot_Read_2_Before_filtering.svg",
                "multiqc/coproid_multiqc_report_plots/svg/fastp-seq-quality-plot_Merged_and_filtered.svg",
                "multiqc/coproid_multiqc_report_plots/svg/fastp-seq-quality-plot_Read_1_Before_filtering.svg",
                "multiqc/coproid_multiqc_report_plots/svg/fastp-seq-quality-plot_Read_2_Before_filtering.svg",
                "multiqc/coproid_multiqc_report_plots/svg/fastp_filtered_reads_plot-cnt.svg",
                "multiqc/coproid_multiqc_report_plots/svg/fastp_filtered_reads_plot-pct.svg",
                "multiqc/coproid_multiqc_report_plots/svg/fastqc-status-check-heatmap.svg",
                "multiqc/coproid_multiqc_report_plots/svg/fastqc_adapter_content_plot.svg",
                "multiqc/coproid_multiqc_report_plots/svg/fastqc_per_base_n_content_plot.svg",
                "multiqc/coproid_multiqc_report_plots/svg/fastqc_per_base_sequence_quality_plot.svg",
                "multiqc/coproid_multiqc_report_plots/svg/fastqc_per_sequence_gc_content_plot_Counts.svg",
                "multiqc/coproid_multiqc_report_plots/svg/fastqc_per_sequence_gc_content_plot_Percentages.svg",
                "multiqc/coproid_multiqc_report_plots/svg/fastqc_per_sequence_quality_scores_plot.svg",
                "multiqc/coproid_multiqc_report_plots/svg/fastqc_sequence_counts_plot-cnt.svg",
                "multiqc/coproid_multiqc_report_plots/svg/fastqc_sequence_counts_plot-pct.svg",
                "multiqc/coproid_multiqc_report_plots/svg/fastqc_sequence_duplication_levels_plot.svg",
                "multiqc/coproid_multiqc_report_plots/svg/fiveprime_misinc_plot.svg",
                "multiqc/coproid_multiqc_report_plots/svg/kraken-top-duplication_plot.svg",
                "multiqc/coproid_multiqc_report_plots/svg/kraken-top-n-plot_Class-cnt.svg",
                "multiqc/coproid_multiqc_report_plots/svg/kraken-top-n-plot_Class-pct.svg",
                "multiqc/coproid_multiqc_report_plots/svg/kraken-top-n-plot_Domain-cnt.svg",
                "multiqc/coproid_multiqc_report_plots/svg/kraken-top-n-plot_Domain-pct.svg",
                "multiqc/coproid_multiqc_report_plots/svg/kraken-top-n-plot_Family-cnt.svg",
                "multiqc/coproid_multiqc_report_plots/svg/kraken-top-n-plot_Family-pct.svg",
                "multiqc/coproid_multiqc_report_plots/svg/kraken-top-n-plot_Genus-cnt.svg",
                "multiqc/coproid_multiqc_report_plots/svg/kraken-top-n-plot_Genus-pct.svg",
                "multiqc/coproid_multiqc_report_plots/svg/kraken-top-n-plot_Order-cnt.svg",
                "multiqc/coproid_multiqc_report_plots/svg/kraken-top-n-plot_Order-pct.svg",
                "multiqc/coproid_multiqc_report_plots/svg/kraken-top-n-plot_Phylum-cnt.svg",
                "multiqc/coproid_multiqc_report_plots/svg/kraken-top-n-plot_Phylum-pct.svg",
                "multiqc/coproid_multiqc_report_plots/svg/kraken-top-n-plot_Species-cnt.svg",
                "multiqc/coproid_multiqc_report_plots/svg/kraken-top-n-plot_Species-pct.svg",
                "multiqc/coproid_multiqc_report_plots/svg/kraken-top-n-plot_Unclassified-cnt.svg",
                "multiqc/coproid_multiqc_report_plots/svg/kraken-top-n-plot_Unclassified-pct.svg",
                "multiqc/coproid_multiqc_report_plots/svg/length-distribution-Forward.svg",
                "multiqc/coproid_multiqc_report_plots/svg/length-distribution-Reverse.svg",
                "multiqc/coproid_multiqc_report_plots/svg/mapdamage-fiveprime_misinc_plot.svg",
                "multiqc/coproid_multiqc_report_plots/svg/mapdamage-length-distribution-Forward.svg",
                "multiqc/coproid_multiqc_report_plots/svg/mapdamage-length-distribution-Reverse.svg",
                "multiqc/coproid_multiqc_report_plots/svg/mapdamage-threeprime_misinc_plot.svg",
                "multiqc/coproid_multiqc_report_plots/svg/threeprime_misinc_plot.svg",
                "pipeline_info",
                "pipeline_info/nf_core_coproid_software_mqc_versions.yml",
                "pydamage",
                "pydamage/coproid.pydamage_merged_report.csv",
                "pydamage/pydamage_results",
                "pydamage/pydamage_results/SAMPLE_BSUB-Bacillus_subtilis_pydamage_results.csv",
                "pydamage/pydamage_results/SAMPLE_BSUB-Escherichia_coli_pydamage_results.csv",
                "pydamage/pydamage_results/SAMPLE_ECOLI-Bacillus_subtilis_pydamage_results.csv",
                "pydamage/pydamage_results/SAMPLE_ECOLI-Escherichia_coli_pydamage_results.csv",
                "sam2lca",
                "sam2lca/SAMPLE_BSUB.sam2lca.csv",
                "sam2lca/SAMPLE_BSUB.sam2lca.json",
                "sam2lca/SAMPLE_ECOLI.sam2lca.csv",
                "sam2lca/SAMPLE_ECOLI.sam2lca.json",
                "sam2lca/coproid.sam2lca_merged_report.csv",
                "sam2lca/sam2lca_db",
                "sam2lca/sam2lca_db/adnamap.db",
                "sam2lca/sam2lca_db/adnamap.db/000005.log",
                "sam2lca/sam2lca_db/adnamap.db/CURRENT",
                "sam2lca/sam2lca_db/adnamap.db/IDENTITY",
                "sam2lca/sam2lca_db/adnamap.db/LOCK",
                "sam2lca/sam2lca_db/adnamap.db/LOG",
                "sam2lca/sam2lca_db/adnamap.db/MANIFEST-000004",
                "sam2lca/sam2lca_db/adnamap.db/OPTIONS-000007",
                "sam2lca/sam2lca_db/ncbi.pkl",
                "sourcepredict",
                "sourcepredict/coproid.embedding.sourcepredict.csv",
                "sourcepredict/coproid.report.sourcepredict.csv"
            ]
        ],
        "meta": {
            "nf-test": "0.9.2",
            "nextflow": "25.10.3"
        },
        "timestamp": "2026-02-06T13:31:29.586033333"
    }
}